[demo.htmlcodex.com/2565/cctv-camera-website-template/index.html]
[backblue.gif]
[fade.gif]
[index.html]
[demo.htmlcodex.com/2565/cctv-camera-website-template/img/favicon.ico]
[cdnjs.cloudflare.com/ajax/libs/font-awesome/5.10.0/css/all.min.css]
[cdn.jsdelivr.net/npm/bootstrap-icons@1.4.1/font/bootstrap-icons.css]
[demo.htmlcodex.com/2565/cctv-camera-website-template/lib/animate/animate.min.css]
[demo.htmlcodex.com/2565/cctv-camera-website-template/lib/owlcarousel/assets/owl.carousel.min.css]
[demo.htmlcodex.com/2565/cctv-camera-website-template/lib/lightbox/css/lightbox.min.css]
[demo.htmlcodex.com/2565/cctv-camera-website-template/css/bootstrap.min.css]
[demo.htmlcodex.com/2565/cctv-camera-website-template/css/style.css]
[demo.htmlcodex.com/2565/cctv-camera-website-template/about.html]
[demo.htmlcodex.com/2565/cctv-camera-website-template/service.html]
[demo.htmlcodex.com/2565/cctv-camera-website-template/project.html]
[demo.htmlcodex.com/2565/cctv-camera-website-template/feature.html]
[demo.htmlcodex.com/2565/cctv-camera-website-template/quote.html]
[demo.htmlcodex.com/2565/cctv-camera-website-template/team.html]
[demo.htmlcodex.com/2565/cctv-camera-website-template/testimonial.html]
[demo.htmlcodex.com/2565/cctv-camera-website-template/404.html]
[demo.htmlcodex.com/2565/cctv-camera-website-template/contact.html]
[demo.htmlcodex.com/2565/cctv-camera-website-template/img/carousel-1.jpg]
[demo.htmlcodex.com/2565/cctv-camera-website-template/img/carousel-2.jpg]
[demo.htmlcodex.com/2565/cctv-camera-website-template/img/carousel-3.jpg]
[demo.htmlcodex.com/2565/cctv-camera-website-template/img/icon/icon-3.png]
[demo.htmlcodex.com/2565/cctv-camera-website-template/img/icon/icon-4.png]
[demo.htmlcodex.com/2565/cctv-camera-website-template/img/icon/icon-2.png]
[demo.htmlcodex.com/2565/cctv-camera-website-template/img/about.jpg]
[demo.htmlcodex.com/2565/cctv-camera-website-template/img/icon/icon-1.png]
[demo.htmlcodex.com/2565/cctv-camera-website-template/img/icon/icon-5.png]
[demo.htmlcodex.com/2565/cctv-camera-website-template/img/icon/icon-6.png]
[demo.htmlcodex.com/2565/cctv-camera-website-template/img/icon/icon-8.png]
[demo.htmlcodex.com/2565/cctv-camera-website-template/img/icon/icon-9.png]
[demo.htmlcodex.com/2565/cctv-camera-website-template/img/icon/icon-7.png]
[demo.htmlcodex.com/2565/cctv-camera-website-template/img/icon/icon-10.png]
[demo.htmlcodex.com/2565/cctv-camera-website-template/img/feature.jpg]
[demo.htmlcodex.com/2565/cctv-camera-website-template/img/portfolio-1.jpg]
[demo.htmlcodex.com/2565/cctv-camera-website-template/img/portfolio-2.jpg]
[demo.htmlcodex.com/2565/cctv-camera-website-template/img/portfolio-3.jpg]
[demo.htmlcodex.com/2565/cctv-camera-website-template/img/portfolio-4.jpg]
[demo.htmlcodex.com/2565/cctv-camera-website-template/img/portfolio-5.jpg]
[demo.htmlcodex.com/2565/cctv-camera-website-template/img/portfolio-6.jpg]
[demo.htmlcodex.com/2565/cctv-camera-website-template/img/quote.jpg]
[demo.htmlcodex.com/2565/cctv-camera-website-template/img/team-1.jpg]
[demo.htmlcodex.com/2565/cctv-camera-website-template/img/team-2.jpg]
[demo.htmlcodex.com/2565/cctv-camera-website-template/img/team-3.jpg]
[demo.htmlcodex.com/2565/cctv-camera-website-template/img/team-4.jpg]
[demo.htmlcodex.com/2565/cctv-camera-website-template/img/testimonial-1.jpg]
[demo.htmlcodex.com/2565/cctv-camera-website-template/img/testimonial-2.jpg]
[demo.htmlcodex.com/2565/cctv-camera-website-template/img/testimonial-3.jpg]
[demo.htmlcodex.com/cdn-cgi/scripts/5c5dd728/cloudflare-static/email-decode.min.js]
[code.jquery.com/jquery-3.4.1.min.js]
[cdn.jsdelivr.net/npm/bootstrap@5.0.0/dist/js/bootstrap.bundle.min.js]
[demo.htmlcodex.com/2565/cctv-camera-website-template/lib/wow/wow.min.js]
[demo.htmlcodex.com/2565/cctv-camera-website-template/lib/easing/easing.min.js]
[demo.htmlcodex.com/2565/cctv-camera-website-template/lib/waypoints/waypoints.min.js]
[demo.htmlcodex.com/2565/cctv-camera-website-template/lib/counterup/counterup.min.js]
[demo.htmlcodex.com/2565/cctv-camera-website-template/lib/owlcarousel/owl.carousel.min.js]
[demo.htmlcodex.com/2565/cctv-camera-website-template/lib/isotope/isotope.pkgd.min.js]
[demo.htmlcodex.com/2565/cctv-camera-website-template/lib/lightbox/js/lightbox.min.js]
[demo.htmlcodex.com/2565/cctv-camera-website-template/js/main.js]
[demo.htmlcodex.com/2565/cctv-camera-website-template/index.html]
[demo.htmlcodex.com/2565/cctv-camera-website-template/img/favicon.html]
[cdnjs.cloudflare.com/ajax/libs/font-awesome/5.10.0/css/all.min.css]
[demo.htmlcodex.com/cdn-cgi/scripts/7d0fa10a/cloudflare-static/rocket-loader.min.js]
[cdn.jsdelivr.net/npm/bootstrap-icons@1.4.1/font/fonts/bootstrap-iconsfb95.woff2]
[cdn.jsdelivr.net/npm/bootstrap-icons@1.4.1/font/fonts/bootstrap-iconsfb95.woff]
[cdn.jsdelivr.net/npm/bootstrap-icons@1.4.1/font/bootstrap-icons.css]
[demo.htmlcodex.com/2565/cctv-camera-website-template/lib/animate/animate.min.css]
[demo.htmlcodex.com/2565/cctv-camera-website-template/lib/owlcarousel/assets/owl.video.play.png]
[demo.htmlcodex.com/2565/cctv-camera-website-template/lib/owlcarousel/assets/owl.carousel.min.css]
[demo.htmlcodex.com/2565/cctv-camera-website-template/lib/lightbox/images/loading.gif]
[demo.htmlcodex.com/2565/cctv-camera-website-template/lib/lightbox/css/lightbox.min.css]
[demo.htmlcodex.com/2565/cctv-camera-website-template/css/bootstrap.min.css]
[demo.htmlcodex.com/2565/cctv-camera-website-template/css/style.css]
[demo.htmlcodex.com/2565/cctv-camera-website-template/about.html]
[demo.htmlcodex.com/2565/cctv-camera-website-template/service.html]
[demo.htmlcodex.com/2565/cctv-camera-website-template/project.html]
[demo.htmlcodex.com/2565/cctv-camera-website-template/feature.html]
[demo.htmlcodex.com/2565/cctv-camera-website-template/quote.html]
[demo.htmlcodex.com/2565/cctv-camera-website-template/team.html]
[demo.htmlcodex.com/2565/cctv-camera-website-template/testimonial.html]
[demo.htmlcodex.com/2565/cctv-camera-website-template/404.html]
[demo.htmlcodex.com/2565/cctv-camera-website-template/contact.html]
